// Jest Snapshot v1, https://goo.gl/fbAQLP

exports[`Colorband Snapshot test Should compare the component with a snapshot 1`] = `
<div
  className="colorband"
>
  <label
    className="label"
    htmlFor="band0"
  >
    Band A
  </label>
  <select
    className="colorselector g"
    id="band0"
    onInput={[Function]}
  >
    <option
      className="coloroption g"
      value="g"
    >
      g  (r)
    </option>
    <option
      className="coloroption b"
      value="B"
    >
      B  (r)
    </option>
  </select>
</div>
`;
