// Jest Snapshot v1, https://goo.gl/fbAQLP

exports[`OhmValue result Snapshot test Should compare the component with a snapshot 1`] = `
<div
  className="result"
>
  <div
    className="result-error"
  />
  <div
    className="resultrow"
  >
    <div
      className="resultlable"
    >
      <label
        className="label"
      >
        Resistance:
      </label>
    </div>
    <div
      className="value resultvalue"
    >
      <label>
        12
      </label>
    </div>
    <div
      className="resultunits"
    >
      <label>
        ohms
      </label>
    </div>
  </div>
  <div
    className="resultrow"
  >
    <div
      className="resultlable"
    >
      <label
        className="label"
      >
        Tolerance:
      </label>
    </div>
    <div
      className="value resultvalue"
    >
      <label>
        Â± 0.05%
      </label>
    </div>
    <div
      className="resultunits"
    >
      <label />
    </div>
  </div>
  <div
    className="resultrow"
  >
    <div
      className="resultlable"
    >
      <label
        className="label"
      >
        Minimum:
      </label>
    </div>
    <div
      className="value resultvalue"
    >
      <label>
        11.994
      </label>
    </div>
    <div
      className="resultunits"
    >
      <label>
        ohms
      </label>
    </div>
  </div>
  <div
    className="resultrow"
  >
    <div
      className="resultlable"
    >
      <label
        className="label"
      >
        Maximum:
      </label>
    </div>
    <div
      className="value resultvalue"
    >
      <label>
        12.006
      </label>
    </div>
    <div
      className="resultunits"
    >
      <label>
        ohms
      </label>
    </div>
  </div>
</div>
`;
